Discarding device blocks:      4096/244190390  7868416/244190390 34082816/244190390 60821504/244190390 87035904/244190390113250304/244190390139988992/244190390166203392/244190390192417792/244190390219156480/244190390                   done                            
Creating filesystem with 244190390 4k blocks and 61054976 inodes
Filesystem UUID: 90fdce4b-9d3d-4c4d-b4a2-c84bba80a6f1
Superblock backups stored on blocks: 
	32768, 98304, 163840, 229376, 294912, 819200, 884736, 1605632, 2654208, 
	4096000, 7962624, 11239424, 20480000, 23887872, 71663616, 78675968, 
	102400000, 214990848

Allocating group tables:    0/7453         done                            
Writing inode tables:    0/7453         done                            
Creating journal (32768 blocks): done
Writing superblocks and filesystem accounting information:    0/7453         done

Discarding device blocks:      4096/244190390 16781312/244190390 43520000/244190390 69734400/244190390 96473088/244190390122687488/244190390148901888/244190390175640576/244190390201854976/244190390228593664/244190390                   done                            
Creating filesystem with 244190390 4k blocks and 61054976 inodes
Filesystem UUID: b6ff4b52-9362-4574-925c-5891a457955c
Superblock backups stored on blocks: 
	32768, 98304, 163840, 229376, 294912, 819200, 884736, 1605632, 2654208, 
	4096000, 7962624, 11239424, 20480000, 23887872, 71663616, 78675968, 
	102400000, 214990848

Allocating group tables:    0/7453         done                            
Writing inode tables:    0/7453         done                            
Creating journal (32768 blocks): done
Writing superblocks and filesystem accounting information:    0/7453         done

Discarding device blocks:      4096/244190390 26218496/244190390 52432896/244190390 78647296/244190390105385984/244190390131600384/244190390158339072/244190390184553472/244190390210767872/244190390237506560/244190390                   done                            
Creating filesystem with 244190390 4k blocks and 61054976 inodes
Filesystem UUID: a5519cd3-b587-42b1-ad2e-c6a9622e837d
Superblock backups stored on blocks: 
	32768, 98304, 163840, 229376, 294912, 819200, 884736, 1605632, 2654208, 
	4096000, 7962624, 11239424, 20480000, 23887872, 71663616, 78675968, 
	102400000, 214990848

Allocating group tables:    0/7453         done                            
Writing inode tables:    0/7453         done                            
Creating journal (32768 blocks): done
Writing superblocks and filesystem accounting information:    0/7453         done

